[backblue.gif]
[fade.gif]
[index.html]
[localhost_8000/static/img/favicon.ico]
[localhost_8000/blog/feeds/rss/index.html]
[localhost_8000/blog/feeds/atom/index.html]
[localhost_8000/static/mezzanine/js/jquery-1.8.3.min.js]
[localhost_8000/static/js/bootstrap.js]
[localhost_8000/static/js/bootstrap-extras.js]
[localhost_8000/static/img/Logo.jpg]
[localhost_8000/static/img/slides/slide-1-farmers-led.jpg]
[use.fontawesome.com/d292af0a66.js]
[localhost_8000/static/img/slides/slide-2-organic-pesticide.jpg]
[localhost_8000/static/img/slides/slide-4-medicinal-plants.jpg]
[www.djangoproject.com/s/img/logo-django.42234b631760.svg]
[localhost_8000/static/js/jquery.easing.1.3.js]
[localhost_8000/static/js/jquery.fancybox.pack.js]
[localhost_8000/static/js/jquery.fancybox-media.js]
[localhost_8000/static/js/google-code-prettify/prettify.js]
[localhost_8000/static/js/portfolio/jquery.quicksand.js]
[localhost_8000/static/js/portfolio/setting.js]
[localhost_8000/static/js/jquery.flexslider.js]
[localhost_8000/static/js/animate.js]
[localhost_8000/static/js/custom.js]
[localhost_8000/index.html]
[localhost_8000/about-us/index.html]
[localhost_8000/static/media/uploads/কৃষাণী_শান্তিলতা_সরকার_সবজী_ক্ষেত_পরিচর্যা_করছেন.jpg]
[localhost_8000/static/media/uploads/ধান_ক্ষেতে_মাছ_চাষ-2.jpg]
[localhost_8000/static/media/uploads/মার_প্রকল্প-2.jpg]
[localhost_8000/static/media/uploads/কৃষক_নেতৃত্বে_ধানজাত_গবেষণা_প্লট.jpg]
[localhost_8000/blog/category/projects/index.html]
[localhost_8000/blog/category/news/index.html]
[localhost_8000/contact-us/index.html]
[localhost_8000/static/media/uploads/pp-square.jpg]
[localhost_8000/developer/index.html]
[localhost_8000/blog/women-entrepreneurship-development/index.html]
[localhost_8000/blog/author/utsargo/index.html]
[localhost_8000/blog/aquaculture-for-income-and-nutrition/index.html]
[localhost_8000/blog/integrated-fish-cultivation-fish-cultivation-in-the-paddy-field/index.html]
[localhost_8000/blog/up-scaling-managed-aquifer-recharge-for-providing-community-water-supply-in-saline-areas/index.html]
[localhost_8000/blog/farmers-led-agricultural-development-program/index.html]
[localhost_8000/blog/category/projects/index2679.html]
[localhost_8000/static/media/uploads/কৃষক_নেতৃত্বে_আমন_ধানের_বীজতলা.jpg]
[localhost_8000/blog/category/projects/index4658.html]
[localhost_8000/blog/this-is-a-demo-news/index.html]
[localhost_8000/blog/author/locos-admin/index.html]
[localhost_8000/blog/action-for-the-participatory-and-comprehensive-disaster-risk-reduction-apcdrr/index.html]
[localhost_8000/static/mezzanine/js/jquery-1.8.3.min.js]
[localhost_8000/blog/feeds/rss/index.html]
[localhost_8000/blog/feeds/atom/index.html]
[localhost_8000/static/js/bootstrap.js]
[localhost_8000/static/fonts/glyphicons-halflings-regular.eot]
[localhost_8000/static/fonts/glyphicons-halflings-regular.woff]
[localhost_8000/static/fonts/glyphicons-halflings-regular.ttf]
[localhost_8000/static/css/bootstrap.min.css]
[localhost_8000/static/js/bootstrap-extras.js]
[localhost_8000/static/css/fancybox/fancybox_sprite.png]
[localhost_8000/static/css/fancybox/fancybox_loading.gif]
[localhost_8000/static/css/fancybox/blank.gif]
[localhost_8000/static/css/fancybox/fancybox_overlay.png]
[localhost_8000/static/css/fancybox/jquery.fancybox.css]
[localhost_8000/static/img/Logo.jpg]
[localhost_8000/static/img/bg_direction_nav.png]
[localhost_8000/static/css/flexslider.css]
[localhost_8000/static/css/mezzanine.css]
[localhost_8000/static/img/slides/slide-1-farmers-led.jpg]
[localhost_8000/static/img/slides/slide-2-organic-pesticide.jpg]
[localhost_8000/static/img/slides/slide-4-medicinal-plants.jpg]
[localhost_8000/static/js/jquery.easing.1.3.js]
[localhost_8000/static/css/style.css]
[localhost_8000/static/js/jquery.fancybox-media.js]
[localhost_8000/static/js/jquery.fancybox.pack.js]
[localhost_8000/static/css/custom.css]
[localhost_8000/static/js/google-code-prettify/prettify.js]
[localhost_8000/static/js/portfolio/jquery.quicksand.js]
[localhost_8000/static/skins/default.css]
[localhost_8000/static/js/portfolio/setting.js]
[use.fontawesome.com/d292af0a66.js]
[localhost_8000/static/js/jquery.flexslider.js]
[localhost_8000/about-us/index.html]
[localhost_8000/static/js/animate.js]
[localhost_8000/static/js/custom.js]
[localhost_8000/developer/index.html]
[localhost_8000/static/media/uploads/কৃষাণী_শান্তিলতা_সরকার_সবজী_ক্ষেত_পরিচর্যা_করছেন.jpg]
[www.djangoproject.com/s/img/logo-django.42234b631760.svg]
[localhost_8000/static/media/uploads/ধান_ক্ষেতে_মাছ_চাষ-2.jpg]
[localhost_8000/static/media/uploads/মার_প্রকল্প-2.jpg]
[localhost_8000/static/media/uploads/কৃষক_নেতৃত্বে_ধানজাত_গবেষণা_প্লট.jpg]
[localhost_8000/static/media/uploads/pp-square.jpg]
[localhost_8000/static/fonts/glyphicons-halflings-regular.eot]
[localhost_8000/static/fonts/glyphicons-halflings-regulard41d.eot]
[localhost_8000/static/fonts/glyphicons-halflings-regular.woff]
[localhost_8000/static/fonts/glyphicons-halflings-regular.ttf]
[localhost_8000/blog/women-entrepreneurship-development/index.html]
[localhost_8000/static/css/fancybox/fancybox_sprite.png]
[localhost_8000/static/css/fancybox/fancybox_loading.gif]
[localhost_8000/static/css/fancybox/fancybox_overlay.png]
[localhost_8000/static/img/bg_direction_nav.png]
[localhost_8000/blog/author/utsargo/index.html]
[localhost_8000/blog/up-scaling-managed-aquifer-recharge-for-providing-community-water-supply-in-saline-areas/index.html]
[localhost_8000/blog/farmers-led-agricultural-development-program/index.html]
[localhost_8000/blog/category/projects/index2679.html]
[localhost_8000/blog/action-for-the-participatory-and-comprehensive-disaster-risk-reduction-apcdrr/index.html]
[localhost_8000/static/fonts/glyphicons-halflings-regular.svg]
[localhost_8000/static/js/google-code-prettify/prettify.css]
[localhost_8000/static/fonts/fontawesome-webfontba72.eot]
[localhost_8000/static/fonts/fontawesome-webfontd41d.eot]
[localhost_8000/static/fonts/fontawesome-webfontba72.woff]
[localhost_8000/static/fonts/fontawesome-webfontba72.ttf]
[localhost_8000/static/css/font-awesome.css]
[localhost_8000/static/fonts/fontawesome-webfontba72.eot]
[localhost_8000/static/fonts/customicon/Icons.eot]
[localhost_8000/static/fonts/customicon/Icons.woff]
[localhost_8000/static/fonts/customicon/Icons.ttf]
[localhost_8000/static/css/custom-fonts.css]
[localhost_8000/static/fonts/fontawesome-webfontd41d.eot]
[localhost_8000/static/css/overwrite.css]
[localhost_8000/static/fonts/fontawesome-webfontba72.woff]
[localhost_8000/static/css/animate.css]
[localhost_8000/static/fonts/customicon/Icons.eot]
[localhost_8000/static/fonts/customicon/Iconsd41d.eot]
[localhost_8000/static/fonts/customicon/Icons.ttf]
[localhost_8000/static/fonts/fontawesome-webfontba72.svg]
[localhost_8000/static/fonts/customicon/Icons.svg]
